[validthemes.net/site-template/agrica/index.html]
[backblue.gif]
[fade.gif]
[index.html]
[validthemes.net/site-template/agrica/assets/img/favicon.png]
[validthemes.net/site-template/agrica/assets/css/bootstrap.min.css]
[validthemes.net/site-template/agrica/assets/css/font-awesome.min.css]
[validthemes.net/site-template/agrica/assets/css/magnific-popup.css]
[validthemes.net/site-template/agrica/assets/css/flaticon-set.css]
[validthemes.net/site-template/agrica/assets/css/swiper-bundle.min.css]
[validthemes.net/site-template/agrica/assets/css/animate.min.css]
[validthemes.net/site-template/agrica/assets/css/validnavs.css]
[validthemes.net/site-template/agrica/assets/css/helper.css]
[validthemes.net/site-template/agrica/assets/css/unit-test.css]
[validthemes.net/site-template/agrica/assets/css/shop.css]
[validthemes.net/site-template/agrica/assets/css/style.css]
[validthemes.net/site-template/agrica/style.css]
[validthemes.net/site-template/agrica/index-2.html]
[validthemes.net/site-template/agrica/assets/img/logo-mix.png]
[validthemes.net/site-template/agrica/assets/img/logo.png]
[validthemes.net/site-template/agrica/index-3.html]
[validthemes.net/site-template/agrica/index-4.html]
[validthemes.net/site-template/agrica/index-5.html]
[validthemes.net/site-template/agrica/about-us.html]
[validthemes.net/site-template/agrica/farmers.html]
[validthemes.net/site-template/agrica/farmer-details.html]
[validthemes.net/site-template/agrica/contact.html]
[validthemes.net/site-template/agrica/404.html]
[validthemes.net/site-template/agrica/project.html]
[validthemes.net/site-template/agrica/project-details.html]
[validthemes.net/site-template/agrica/services.html]
[validthemes.net/site-template/agrica/services-2.html]
[validthemes.net/site-template/agrica/services-details.html]
[validthemes.net/site-template/agrica/blog-standard.html]
[validthemes.net/site-template/agrica/blog-with-sidebar.html]
[validthemes.net/site-template/agrica/blog-2-colum.html]
[validthemes.net/site-template/agrica/blog-3-colum.html]
[validthemes.net/site-template/agrica/blog-single.html]
[validthemes.net/site-template/agrica/blog-single-with-sidebar.html]
[validthemes.net/site-template/agrica/shop.html]
[validthemes.net/site-template/agrica/shop-single.html]
[validthemes.net/site-template/agrica/shop-single-thumb-only.html]
[validthemes.net/site-template/agrica/assets/img/products/1.png]
[validthemes.net/site-template/agrica/assets/img/products/2.png]
[validthemes.net/site-template/agrica/assets/img/banner/3.jpg]
[validthemes.net/site-template/agrica/assets/img/shape/2.png]
[validthemes.net/site-template/agrica/assets/img/banner/4.jpg]
[validthemes.net/site-template/agrica/assets/img/about/1.jpg]
[validthemes.net/site-template/agrica/assets/img/illustration/1.png]
[validthemes.net/site-template/agrica/assets/img/icon/3.png]
[validthemes.net/site-template/agrica/assets/img/icon/2.png]
[validthemes.net/site-template/agrica/assets/img/shape/9.png]
[validthemes.net/site-template/agrica/assets/img/illustration/2.png]
[validthemes.net/site-template/agrica/assets/img/illustration/3.png]
[validthemes.net/site-template/agrica/assets/img/illustration/4.png]
[validthemes.net/site-template/agrica/assets/img/banner/16.jpg]
[validthemes.net/site-template/agrica/assets/img/shape/10.png]
[validthemes.net/site-template/agrica/assets/img/illustration/8.png]
[validthemes.net/site-template/agrica/assets/img/shape/11.png]
[validthemes.net/site-template/agrica/assets/img/banner/17.jpg]
[validthemes.net/site-template/agrica/assets/img/icon/9.png]
[validthemes.net/site-template/agrica/assets/img/icon/10.png]
[validthemes.net/site-template/agrica/assets/img/icon/11.png]
[validthemes.net/site-template/agrica/assets/img/icon/12.png]
[validthemes.net/site-template/agrica/assets/img/icon/13.png]
[validthemes.net/site-template/agrica/assets/img/icon/14.png]
[validthemes.net/site-template/agrica/assets/img/shape/13.png]
[validthemes.net/site-template/agrica/assets/img/farmers/3.jpg]
[validthemes.net/site-template/agrica/assets/img/shape/quote-big.png]
[validthemes.net/site-template/agrica/assets/img/farmers/2.jpg]
[validthemes.net/site-template/agrica/assets/img/farmers/1.jpg]
[validthemes.net/site-template/agrica/assets/img/projects/1.jpg]
[validthemes.net/site-template/agrica/assets/img/projects/2.jpg]
[validthemes.net/site-template/agrica/assets/img/projects/3.jpg]
[validthemes.net/site-template/agrica/assets/img/projects/4.jpg]
[validthemes.net/site-template/agrica/assets/img/projects/5.jpg]
[validthemes.net/site-template/agrica/assets/img/illustration/9.png]
[validthemes.net/site-template/agrica/assets/img/shape/16.png]
[validthemes.net/site-template/agrica/assets/img/illustration/10.png]
[validthemes.net/site-template/agrica/assets/img/blog/1.jpg]
[validthemes.net/site-template/agrica/assets/img/blog/3.jpg]
[validthemes.net/site-template/agrica/assets/img/blog/2.jpg]
[validthemes.net/site-template/agrica/assets/img/shape/8.png]
[validthemes.net/site-template/agrica/assets/img/logo-light.png]
[validthemes.net/site-template/agrica/team.51.delayed]
[validthemes.net/site-template/agrica/contact-us.html]
[validthemes.net/site-template/agrica/team-details.html]
[validthemes.net/site-template/agrica/assets/img/thumbs/1.jpg]
[validthemes.net/site-template/agrica/assets/img/thumbs/2.jpg]
[validthemes.net/site-template/agrica/assets/img/shape/7.png]
[validthemes.net/site-template/agrica/assets/js/jquery-3.6.0.min.js]
[validthemes.net/site-template/agrica/assets/js/bootstrap.bundle.min.js]
[validthemes.net/site-template/agrica/assets/js/jquery.appear.js]
[validthemes.net/site-template/agrica/assets/js/swiper-bundle.min.js]
[validthemes.net/site-template/agrica/assets/js/progress-bar.min.js]
[validthemes.net/site-template/agrica/assets/js/circle-progress.js]
[validthemes.net/site-template/agrica/assets/js/isotope.pkgd.min.js]
[validthemes.net/site-template/agrica/assets/js/imagesloaded.pkgd.min.js]
[validthemes.net/site-template/agrica/assets/js/magnific-popup.min.js]
[validthemes.net/site-template/agrica/assets/js/count-to.js]
[validthemes.net/site-template/agrica/assets/js/jquery.scrolla.min.js]
[validthemes.net/site-template/agrica/assets/js/ScrollOnReveal.js]
[validthemes.net/site-template/agrica/assets/js/YTPlayer.min.js]
[validthemes.net/site-template/agrica/assets/js/validnavs.js]
[validthemes.net/site-template/agrica/assets/js/gsap.js]
[validthemes.net/site-template/agrica/assets/js/ScrollTrigger.min.js]
[validthemes.net/site-template/agrica/assets/js/SplitText.min.js]
[validthemes.net/site-template/agrica/assets/js/main.js]
[validthemes.net/site-template/agrica/index.html]
[validthemes.net/site-template/agrica/assets/css/bootstrap.min.css]
[validthemes.net/site-template/agrica/assets/fonts/fa-brands-400.eot]
[validthemes.net/site-template/agrica/assets/fonts/fa-brands-400d41d.eot]
[validthemes.net/site-template/agrica/assets/fonts/fa-brands-400.woff2]
[validthemes.net/site-template/agrica/assets/fonts/fa-brands-400.woff]
[validthemes.net/site-template/agrica/assets/fonts/fa-brands-400.6d.delayed]
[validthemes.net/site-template/agrica/assets/fonts/fa-brands-400.svg]
[validthemes.net/site-template/agrica/assets/fonts/fa-duotone-900.eot]
[validthemes.net/site-template/agrica/assets/fonts/fa-duotone-900d41d.eot]
[validthemes.net/site-template/agrica/assets/fonts/fa-duotone-900.woff2]
[validthemes.net/site-template/agrica/assets/fonts/fa-duotone-900.woff]
[validthemes.net/site-template/agrica/assets/fonts/fa-duotone-900.ttf]
[validthemes.net/site-template/agrica/assets/fonts/fa-duotone-900.svg]
[validthemes.net/site-template/agrica/assets/fonts/fa-light-300.eot]
[validthemes.net/site-template/agrica/assets/fonts/fa-light-300d41d.eot]
[validthemes.net/site-template/agrica/assets/fonts/fa-light-300.woff2]
[validthemes.net/site-template/agrica/assets/fonts/fa-light-300.woff]
[validthemes.net/site-template/agrica/assets/fonts/fa-light-300.ttf]
[validthemes.net/site-template/agrica/assets/fonts/fa-light-300.svg]
[validthemes.net/site-template/agrica/assets/fonts/fa-regular-400.eot]
[validthemes.net/site-template/agrica/assets/fonts/fa-regular-400d41d.eot]
[validthemes.net/site-template/agrica/assets/fonts/fa-regular-400.woff2]
[validthemes.net/site-template/agrica/assets/fonts/fa-regular-400.woff]
[validthemes.net/site-template/agrica/assets/fonts/fa-regular-400.ttf]
[validthemes.net/site-template/agrica/assets/fonts/fa-regular-400.svg]
[validthemes.net/site-template/agrica/assets/fonts/fa-solid-900.eot]
[validthemes.net/site-template/agrica/assets/fonts/fa-solid-900d41d.eot]
[validthemes.net/site-template/agrica/assets/fonts/fa-solid-900.woff2]
[validthemes.net/site-template/agrica/assets/fonts/fa-solid-900.woff]
[validthemes.net/site-template/agrica/assets/fonts/fa-solid-900.ttf]
[validthemes.net/site-template/agrica/assets/fonts/fa-solid-900.svg]
[validthemes.net/site-template/agrica/assets/css/font-awesome.min.css]
[validthemes.net/site-template/agrica/assets/css/magnific-popup.css]
[validthemes.net/site-template/agrica/assets/fonts/flaticon.eot]
[validthemes.net/site-template/agrica/assets/fonts/flaticond41d.eot]
[validthemes.net/site-template/agrica/assets/fonts/flaticon.woff]
[validthemes.net/site-template/agrica/assets/fonts/flaticon.ttf]
[validthemes.net/site-template/agrica/assets/fonts/flaticon.svg]
[validthemes.net/site-template/agrica/assets/css/flaticon.svg]
[validthemes.net/site-template/agrica/assets/css/flaticon-set.css]
[validthemes.net/site-template/agrica/assets/css/swiper-bundle.min.css]
[validthemes.net/site-template/agrica/assets/css/animate.min.css]
[validthemes.net/site-template/agrica/assets/img/shape/1.png]
[validthemes.net/site-template/agrica/assets/css/validnavs.css]
[validthemes.net/site-template/agrica/assets/css/helper.css]
[validthemes.net/site-template/agrica/assets/css/unit-test.css]
[validthemes.net/site-template/agrica/assets/css/shop.css]
[validthemes.net/site-template/agrica/assets/img/shape/35.png]
[validthemes.net/site-template/agrica/assets/img/shape/4.png]
[validthemes.net/site-template/agrica/assets/img/shape/20.png]
[validthemes.net/site-template/agrica/assets/img/shape/5.png]
[validthemes.net/site-template/agrica/assets/img/shape/14.png]
[validthemes.net/site-template/agrica/assets/img/shape/12.png]
[validthemes.net/site-template/agrica/assets/img/banner/7.jpg]
[validthemes.net/site-template/agrica/assets/img/logo-icon.png]
[validthemes.net/site-template/agrica/assets/css/style.css]
[validthemes.net/site-template/agrica/style.css]
[validthemes.net/site-template/agrica/index-2.html]
[validthemes.net/site-template/agrica/assets/img/logo-icon-light.png]
[validthemes.net/site-template/agrica/assets/img/banner/12.jpg]
[validthemes.net/site-template/agrica/assets/img/banner/15.jpg]
[validthemes.net/site-template/agrica/assets/img/shape/18.png]
[validthemes.net/site-template/agrica/assets/img/thumb/1.jpg]
[validthemes.net/site-template/agrica/assets/img/icon/17.png]
[validthemes.net/site-template/agrica/assets/img/icon/18.png]
[validthemes.net/site-template/agrica/assets/img/icon/19.png]
[validthemes.net/site-template/agrica/assets/img/icon/20.png]
[validthemes.net/site-template/agrica/assets/img/thumb/4.jpg]
[validthemes.net/site-template/agrica/assets/img/banner/18.jpg]
[validthemes.net/site-template/agrica/assets/img/services/2.jpg]
[validthemes.net/site-template/agrica/assets/img/icon/21.png]
[validthemes.net/site-template/agrica/assets/img/services/3.jpg]
[validthemes.net/site-template/agrica/assets/img/icon/22.png]
[validthemes.net/site-template/agrica/assets/img/services/4.jpg]
[validthemes.net/site-template/agrica/assets/img/icon/23.png]
[validthemes.net/site-template/agrica/assets/img/services/5.jpg]
[validthemes.net/site-template/agrica/assets/img/icon/24.png]
[validthemes.net/site-template/agrica/assets/img/shape/21.png]
[validthemes.net/site-template/agrica/assets/img/thumb/7.jpg]
[validthemes.net/site-template/agrica/assets/img/projects/6.jpg]
[validthemes.net/site-template/agrica/assets/img/shape/24.png]
[validthemes.net/site-template/agrica/assets/img/illustration/13.png]
[validthemes.net/site-template/agrica/assets/img/brand/1.png]
[validthemes.net/site-template/agrica/assets/img/brand/2.png]
[validthemes.net/site-template/agrica/assets/img/brand/3.png]
[validthemes.net/site-template/agrica/assets/img/brand/4.png]
[validthemes.net/site-template/agrica/index-3.html]
[validthemes.net/site-template/agrica/assets/img/logo-mix-light.png]
[validthemes.net/site-template/agrica/assets/img/banner/6.jpg]
[validthemes.net/site-template/agrica/assets/img/banner/5.jpg]
[validthemes.net/site-template/agrica/assets/img/shape/15.png]
[validthemes.net/site-template/agrica/assets/img/icon/25.png]
[validthemes.net/site-template/agrica/assets/img/icon/5.png]
[validthemes.net/site-template/agrica/assets/img/icon/6.png]
[validthemes.net/site-template/agrica/assets/img/shape/banner-1.jpg]
[validthemes.net/site-template/agrica/assets/img/illustration/14.png]
[validthemes.net/site-template/agrica/assets/img/icon/26.png]
[validthemes.net/site-template/agrica/assets/img/icon/27.png]
[validthemes.net/site-template/agrica/assets/img/products/4.png]
[validthemes.net/site-template/agrica/assets/img/products/5.png]
[validthemes.net/site-template/agrica/assets/img/products/3.png]
[validthemes.net/site-template/agrica/assets/img/products/6.png]
[validthemes.net/site-template/agrica/assets/img/products/7.png]
[validthemes.net/site-template/agrica/assets/img/products/8.png]
[validthemes.net/site-template/agrica/assets/img/illustration/17.png]
[validthemes.net/site-template/agrica/assets/img/about/3.jpg]
[validthemes.net/site-template/agrica/assets/img/shape/27.png]
[validthemes.net/site-template/agrica/index-4.html]
[validthemes.net/site-template/agrica/assets/img/shape/quote.png]
[validthemes.net/site-template/agrica/assets/img/banner/24.jpg]
[validthemes.net/site-template/agrica/assets/img/shape/28.png]
[validthemes.net/site-template/agrica/assets/img/banner/25.jpg]
[validthemes.net/site-template/agrica/assets/img/icon/29.png]
[validthemes.net/site-template/agrica/assets/img/icon/28.png]
[validthemes.net/site-template/agrica/assets/img/illustration/18.png]
[validthemes.net/site-template/agrica/assets/img/shape/29.png]
[validthemes.net/site-template/agrica/assets/img/icon/30.png]
[validthemes.net/site-template/agrica/assets/img/icon/31.png]
[validthemes.net/site-template/agrica/assets/img/shape/brush-down.png]
[validthemes.net/site-template/agrica/assets/img/thumb/8.jpg]
[validthemes.net/site-template/agrica/assets/img/thumb/9.jpg]
[validthemes.net/site-template/agrica/assets/img/thumb/10.jpg]
[validthemes.net/site-template/agrica/assets/img/thumb/11.jpg]
[validthemes.net/site-template/agrica/assets/img/thumb/12.jpg]
[validthemes.net/site-template/agrica/assets/img/thumb/13.jpg]
[validthemes.net/site-template/agrica/assets/img/shape/31.png]
[validthemes.net/site-template/agrica/assets/img/product/1.jpg]
[validthemes.net/site-template/agrica/assets/img/product/3.jpg]
[validthemes.net/site-template/agrica/assets/img/product/2.jpg]
[validthemes.net/site-template/agrica/assets/img/product/4.jpg]
[validthemes.net/site-template/agrica/assets/img/banner/26.jpg]
[validthemes.net/site-template/agrica/index-5.html]
[validthemes.net/site-template/agrica/about-us.html]
[validthemes.net/site-template/agrica/assets/img/farmers/4.jpg]
[validthemes.net/site-template/agrica/assets/img/farmers/5.jpg]
[validthemes.net/site-template/agrica/farmers.html]
[validthemes.net/site-template/agrica/assets/img/farmers/6.jpg]
[validthemes.net/site-template/agrica/farmer-details.html]
[validthemes.net/site-template/agrica/contact.html]
[validthemes.net/site-template/agrica/assets/img/farmers/7.jpg]
[validthemes.net/site-template/agrica/assets/img/shape/44-left.png]
[validthemes.net/site-template/agrica/assets/img/shape/44-right.png]
[validthemes.net/site-template/agrica/404.html]
[validthemes.net/site-template/agrica/project.html]
[validthemes.net/site-template/agrica/assets/img/projects/7.jpg]
[validthemes.net/site-template/agrica/assets/img/projects/8.jpg]
[validthemes.net/site-template/agrica/assets/img/projects/9.jpg]
[validthemes.net/site-template/agrica/assets/img/projects/10.jpg]
[validthemes.net/site-template/agrica/project-details.html]
[validthemes.net/site-template/agrica/assets/img/brand/5.png]
[validthemes.net/site-template/agrica/services.html]
[validthemes.net/site-template/agrica/assets/img/shape/19.png]
[validthemes.net/site-template/agrica/services-2.html]
[validthemes.net/site-template/agrica/assets/img/banner/9.jpg]
[validthemes.net/site-template/agrica/services-details.html]
[validthemes.net/site-template/agrica/assets/img/blog/5.jpg]
[validthemes.net/site-template/agrica/assets/img/blog/6.jpg]
[validthemes.net/site-template/agrica/blog-standard.html]
[validthemes.net/site-template/agrica/assets/img/blog/7.jpg]
[validthemes.net/site-template/agrica/assets/img/thumbs/3.jpg]
[validthemes.net/site-template/agrica/assets/img/thumbs/4.jpg]
[validthemes.net/site-template/agrica/assets/img/thumbs/5.jpg]
[validthemes.net/site-template/agrica/assets/img/thumbs/6.jpg]
[validthemes.net/site-template/agrica/blog-with-sidebar.html]
[validthemes.net/site-template/agrica/assets/img/blog/4.jpg]
[validthemes.net/site-template/agrica/blog-2-colum.html]
[validthemes.net/site-template/agrica/assets/img/blog/8.jpg]
[validthemes.net/site-template/agrica/assets/img/blog/9.jpg]
[validthemes.net/site-template/agrica/blog-3-colum.html]
[validthemes.net/site-template/agrica/$]
[validthemes.net/site-template/agrica/blog-single.html]
[validthemes.net/site-template/agrica/blog-single-with-sidebar.html]
[validthemes.net/site-template/agrica/shop.html]
[validthemes.net/site-template/agrica/shop-single.html]
[validthemes.net/site-template/agrica/shop-single-thumb-only.html]
[validthemes.net/site-template/agrica/team.html]
[validthemes.net/site-template/agrica/contact-us.html]
[validthemes.net/site-template/agrica/team-details.html]
[validthemes.net/site-template/agrica/assets/js/jquery-3.6.0.min.js]
[validthemes.net/site-template/agrica/assets/js/bootstrap.bundle.min.js]
[validthemes.net/site-template/agrica/assets/js/jquery.appear.js]
[validthemes.net/site-template/agrica/assets/js/swiper-bundle.min.js]
[validthemes.net/site-template/agrica/assets/js/progress-bar.min.js]
[validthemes.net/site-template/agrica/assets/js/circle-progress.js]
[validthemes.net/site-template/agrica/assets/js/isotope.pkgd.min.js]
[validthemes.net/site-template/agrica/assets/js/imagesloaded.pkgd.min.js]
[validthemes.net/site-template/agrica/assets/js/magnific-popup.min.js]
[validthemes.net/site-template/agrica/assets/js/count-to.js]
[validthemes.net/site-template/agrica/assets/js/jquery.scrolla.min.js]
[validthemes.net/site-template/agrica/assets/js/ScrollOnReveal.js]
[validthemes.net/site-template/agrica/assets/js/YTPlayer.min.js]
[validthemes.net/site-template/agrica/assets/js/validnavs.js]
[validthemes.net/site-template/agrica/assets/js/gsap.js]
[validthemes.net/site-template/agrica/assets/js/ScrollTrigger.min.js]
[validthemes.net/site-template/agrica/assets/js/SplitText.min.js]
[validthemes.net/site-template/agrica/assets/js/main.js]
[validthemes.net/site-template/agrica/assets/fonts/fa-brands-400.html]
[validthemes.net/site-template/agrica/assets/fonts/fa-brands-400d41d.html]
[validthemes.net/site-template/agrica/assets/fonts/fa-brands-401.html]
[validthemes.net/site-template/agrica/assets/fonts/fa-brands-402.html]
[validthemes.net/site-template/agrica/assets/fonts/fa-duotone-900.html]
[validthemes.net/site-template/agrica/assets/fonts/fa-duotone-900d41d.html]
[validthemes.net/site-template/agrica/assets/fonts/fa-duotone-901.html]
[validthemes.net/site-template/agrica/assets/fonts/fa-duotone-902.html]
[validthemes.net/site-template/agrica/assets/fonts/fa-light-300.html]
[validthemes.net/site-template/agrica/assets/fonts/fa-light-300d41d.html]
[validthemes.net/site-template/agrica/assets/fonts/fa-light-301.html]
[validthemes.net/site-template/agrica/assets/fonts/fa-light-302.html]
[validthemes.net/site-template/agrica/assets/fonts/fa-regular-400.html]
[validthemes.net/site-template/agrica/assets/fonts/fa-regular-400d41d.html]
[validthemes.net/site-template/agrica/assets/fonts/fa-regular-401.html]
[validthemes.net/site-template/agrica/assets/fonts/fa-regular-402.html]
[validthemes.net/site-template/agrica/assets/fonts/fa-solid-900.html]
[validthemes.net/site-template/agrica/assets/fonts/fa-solid-900d41d.html]
[validthemes.net/site-template/agrica/assets/fonts/fa-solid-901.html]
[validthemes.net/site-template/agrica/assets/fonts/fa-solid-902.html]
[validthemes.net/site-template/agrica/assets/fonts/flaticon.html]
[validthemes.net/site-template/agrica/assets/css/flaticon.html]
[validthemes.net/site-template/agrica/assets/img/shape/35.html]
[validthemes.net/site-template/agrica/$.html]
